###############################################################################
#
# IAR ELF Linker V7.50.2.10312/W32 for ARM                31/Jan/2022  11:19:55
# Copyright 2007-2015 IAR Systems AB.
#
#    Output file  =  
#        C:\Users\Edward\Documents\GitHub\PFE_2021\src\OlimexP407\EWARM\OlimexP407\Exe\OlimexP407.out
#    Map file     =  
#        C:\Users\Edward\Documents\GitHub\PFE_2021\src\OlimexP407\EWARM\OlimexP407\List\OlimexP407.map
#    Command line =  
#        C:\Users\Edward\Documents\GitHub\PFE_2021\src\OlimexP407\EWARM\OlimexP407\Obj\main.o
#        C:\Users\Edward\Documents\GitHub\PFE_2021\src\OlimexP407\EWARM\OlimexP407\Obj\startup_stm32f407xx.o
#        C:\Users\Edward\Documents\GitHub\PFE_2021\src\OlimexP407\EWARM\OlimexP407\Obj\stm32f4xx_hal.o
#        C:\Users\Edward\Documents\GitHub\PFE_2021\src\OlimexP407\EWARM\OlimexP407\Obj\stm32f4xx_hal_cortex.o
#        C:\Users\Edward\Documents\GitHub\PFE_2021\src\OlimexP407\EWARM\OlimexP407\Obj\stm32f4xx_hal_dcmi.o
#        C:\Users\Edward\Documents\GitHub\PFE_2021\src\OlimexP407\EWARM\OlimexP407\Obj\stm32f4xx_hal_dcmi_ex.o
#        C:\Users\Edward\Documents\GitHub\PFE_2021\src\OlimexP407\EWARM\OlimexP407\Obj\stm32f4xx_hal_dma.o
#        C:\Users\Edward\Documents\GitHub\PFE_2021\src\OlimexP407\EWARM\OlimexP407\Obj\stm32f4xx_hal_dma_ex.o
#        C:\Users\Edward\Documents\GitHub\PFE_2021\src\OlimexP407\EWARM\OlimexP407\Obj\stm32f4xx_hal_exti.o
#        C:\Users\Edward\Documents\GitHub\PFE_2021\src\OlimexP407\EWARM\OlimexP407\Obj\stm32f4xx_hal_flash.o
#        C:\Users\Edward\Documents\GitHub\PFE_2021\src\OlimexP407\EWARM\OlimexP407\Obj\stm32f4xx_hal_flash_ex.o
#        C:\Users\Edward\Documents\GitHub\PFE_2021\src\OlimexP407\EWARM\OlimexP407\Obj\stm32f4xx_hal_flash_ramfunc.o
#        C:\Users\Edward\Documents\GitHub\PFE_2021\src\OlimexP407\EWARM\OlimexP407\Obj\stm32f4xx_hal_gpio.o
#        C:\Users\Edward\Documents\GitHub\PFE_2021\src\OlimexP407\EWARM\OlimexP407\Obj\stm32f4xx_hal_msp.o
#        C:\Users\Edward\Documents\GitHub\PFE_2021\src\OlimexP407\EWARM\OlimexP407\Obj\stm32f4xx_hal_pwr.o
#        C:\Users\Edward\Documents\GitHub\PFE_2021\src\OlimexP407\EWARM\OlimexP407\Obj\stm32f4xx_hal_pwr_ex.o
#        C:\Users\Edward\Documents\GitHub\PFE_2021\src\OlimexP407\EWARM\OlimexP407\Obj\stm32f4xx_hal_rcc.o
#        C:\Users\Edward\Documents\GitHub\PFE_2021\src\OlimexP407\EWARM\OlimexP407\Obj\stm32f4xx_hal_rcc_ex.o
#        C:\Users\Edward\Documents\GitHub\PFE_2021\src\OlimexP407\EWARM\OlimexP407\Obj\stm32f4xx_hal_spi.o
#        C:\Users\Edward\Documents\GitHub\PFE_2021\src\OlimexP407\EWARM\OlimexP407\Obj\stm32f4xx_hal_tim.o
#        C:\Users\Edward\Documents\GitHub\PFE_2021\src\OlimexP407\EWARM\OlimexP407\Obj\stm32f4xx_hal_tim_ex.o
#        C:\Users\Edward\Documents\GitHub\PFE_2021\src\OlimexP407\EWARM\OlimexP407\Obj\stm32f4xx_it.o
#        C:\Users\Edward\Documents\GitHub\PFE_2021\src\OlimexP407\EWARM\OlimexP407\Obj\system_stm32f4xx.o
#        --redirect _Printf=_PrintfFull --redirect _Scanf=_ScanfFull -o
#        C:\Users\Edward\Documents\GitHub\PFE_2021\src\OlimexP407\EWARM\OlimexP407\Exe\OlimexP407.out
#        --map
#        C:\Users\Edward\Documents\GitHub\PFE_2021\src\OlimexP407\EWARM\OlimexP407\List\OlimexP407.map
#        --config "C:\Program Files (x86)\IAR Systems\Embedded Workbench
#        7.3\arm\config\linker\ST\stm32f407xG.icf" --semihosting --entry
#        __iar_program_start --vfe
#
###############################################################################

*******************************************************************************
*** RUNTIME MODEL ATTRIBUTES
***

CppFlavor       = *
__SystemLibrary = DLib


*******************************************************************************
*** PLACEMENT SUMMARY
***

"A1":  place at 0x08000000 { ro section .intvec };
"P1":  place in [from 0x08000000 to 0x080fffff] { ro };
"P2":  place in [from 0x20000000 to 0x2001ffff] { rw, block CSTACK, block HEAP };

  Section            Kind        Address    Size  Object
  -------            ----        -------    ----  ------
"A1":                                      0x188
  .intvec            ro code  0x08000000   0x188  startup_stm32f407xx.o [1]
                            - 0x08000188   0x188

"P1":                                     0x127c
  .text              ro code  0x08000188   0x47c  stm32f4xx_hal_rcc.o [1]
  .text              ro code  0x08000604    0xac  stm32f4xx_hal.o [1]
  .text              ro code  0x080006b0    0xee  I64DivMod.o [5]
  .text              ro code  0x080007a0    0xac  stm32f4xx_hal_cortex.o [1]
  .text              ro code  0x0800084c   0x1c0  stm32f4xx_hal_msp.o [1]
  .text              ro code  0x08000a0c     0x2  I64DivZer.o [5]
  .text              ro code  0x08000a10   0x1f0  stm32f4xx_hal_gpio.o [1]
  .text              ro code  0x08000c00     0x6  ABImemclr4.o [5]
  .text              ro code  0x08000c08    0x32  ABImemset48.o [5]
  .text              ro code  0x08000c3c   0x3b4  main.o [1]
  .text              ro code  0x08000ff0    0x84  stm32f4xx_hal_dcmi_ex.o [1]
  .text              ro code  0x08001074    0xca  stm32f4xx_hal_spi.o [1]
  .text              ro code  0x0800113e    0x40  zero_init3.o [5]
  .text              ro code  0x0800117e    0x2c  copy_init3.o [5]
  .text              ro code  0x080011ac    0x28  data_init.o [5]
  .text              ro code  0x080011d4    0x22  fpinit_M.o [4]
  .iar.init_table    const    0x080011f8    0x24  - Linker created -
  .text              ro code  0x0800121c    0x20  system_stm32f4xx.o [1]
  .text              ro code  0x0800123c    0x1a  cmain.o [5]
  .text              ro code  0x08001256     0x4  low_level_init.o [3]
  .text              ro code  0x0800125a     0x4  exit.o [3]
  .text              ro code  0x08001260     0xa  cexit.o [5]
  .text              ro code  0x0800126c    0x14  exit.o [6]
  .text              ro code  0x08001280    0x14  stm32f4xx_it.o [1]
  .text              ro code  0x08001294    0x10  startup_stm32f407xx.o [1]
  Initializer bytes  const    0x080012a4    0x10  <for P2-1>
  .text              ro code  0x080012b4     0xc  cstartup_M.o [5]
  .text              ro code  0x080012c0     0x4  startup_stm32f407xx.o [1]
  .text              ro code  0x080012c4     0x4  startup_stm32f407xx.o [1]
  .text              ro code  0x080012c8     0x4  startup_stm32f407xx.o [1]
  .text              ro code  0x080012cc     0x4  startup_stm32f407xx.o [1]
  .text              ro code  0x080012d0     0x4  startup_stm32f407xx.o [1]
  .text              ro code  0x080012d4     0x4  startup_stm32f407xx.o [1]
  .text              ro code  0x080012d8     0x4  startup_stm32f407xx.o [1]
  .text              ro code  0x080012dc     0x4  startup_stm32f407xx.o [1]
  .text              ro code  0x080012e0     0x4  startup_stm32f407xx.o [1]
  .text              ro code  0x080012e4     0x4  startup_stm32f407xx.o [1]
  .text              ro code  0x080012e8     0x4  startup_stm32f407xx.o [1]
  .text              ro code  0x080012ec     0x4  startup_stm32f407xx.o [1]
  .text              ro code  0x080012f0     0x4  startup_stm32f407xx.o [1]
  .text              ro code  0x080012f4     0x4  startup_stm32f407xx.o [1]
  .text              ro code  0x080012f8     0x4  startup_stm32f407xx.o [1]
  .text              ro code  0x080012fc     0x4  startup_stm32f407xx.o [1]
  .text              ro code  0x08001300     0x4  startup_stm32f407xx.o [1]
  .text              ro code  0x08001304     0x4  startup_stm32f407xx.o [1]
  .text              ro code  0x08001308     0x4  startup_stm32f407xx.o [1]
  .text              ro code  0x0800130c     0x4  startup_stm32f407xx.o [1]
  .text              ro code  0x08001310     0x4  startup_stm32f407xx.o [1]
  .text              ro code  0x08001314     0x4  startup_stm32f407xx.o [1]
  .text              ro code  0x08001318     0x4  startup_stm32f407xx.o [1]
  .text              ro code  0x0800131c     0x4  startup_stm32f407xx.o [1]
  .text              ro code  0x08001320     0x4  startup_stm32f407xx.o [1]
  .text              ro code  0x08001324     0x4  startup_stm32f407xx.o [1]
  .text              ro code  0x08001328     0x4  startup_stm32f407xx.o [1]
  .text              ro code  0x0800132c     0x4  startup_stm32f407xx.o [1]
  .text              ro code  0x08001330     0x4  startup_stm32f407xx.o [1]
  .text              ro code  0x08001334     0x4  startup_stm32f407xx.o [1]
  .text              ro code  0x08001338     0x4  startup_stm32f407xx.o [1]
  .text              ro code  0x0800133c     0x4  startup_stm32f407xx.o [1]
  .text              ro code  0x08001340     0x4  startup_stm32f407xx.o [1]
  .text              ro code  0x08001344     0x4  startup_stm32f407xx.o [1]
  .text              ro code  0x08001348     0x4  startup_stm32f407xx.o [1]
  .text              ro code  0x0800134c     0x4  startup_stm32f407xx.o [1]
  .text              ro code  0x08001350     0x4  startup_stm32f407xx.o [1]
  .text              ro code  0x08001354     0x4  startup_stm32f407xx.o [1]
  .text              ro code  0x08001358     0x4  startup_stm32f407xx.o [1]
  .text              ro code  0x0800135c     0x4  startup_stm32f407xx.o [1]
  .text              ro code  0x08001360     0x4  startup_stm32f407xx.o [1]
  .text              ro code  0x08001364     0x4  startup_stm32f407xx.o [1]
  .text              ro code  0x08001368     0x4  startup_stm32f407xx.o [1]
  .text              ro code  0x0800136c     0x4  startup_stm32f407xx.o [1]
  .text              ro code  0x08001370     0x4  startup_stm32f407xx.o [1]
  .text              ro code  0x08001374     0x4  startup_stm32f407xx.o [1]
  .text              ro code  0x08001378     0x4  startup_stm32f407xx.o [1]
  .text              ro code  0x0800137c     0x4  startup_stm32f407xx.o [1]
  .text              ro code  0x08001380     0x4  startup_stm32f407xx.o [1]
  .text              ro code  0x08001384     0x4  startup_stm32f407xx.o [1]
  .text              ro code  0x08001388     0x4  startup_stm32f407xx.o [1]
  .text              ro code  0x0800138c     0x4  startup_stm32f407xx.o [1]
  .text              ro code  0x08001390     0x4  startup_stm32f407xx.o [1]
  .text              ro code  0x08001394     0x4  startup_stm32f407xx.o [1]
  .text              ro code  0x08001398     0x4  startup_stm32f407xx.o [1]
  .text              ro code  0x0800139c     0x4  startup_stm32f407xx.o [1]
  .text              ro code  0x080013a0     0x4  startup_stm32f407xx.o [1]
  .text              ro code  0x080013a4     0x4  startup_stm32f407xx.o [1]
  .text              ro code  0x080013a8     0x4  startup_stm32f407xx.o [1]
  .text              ro code  0x080013ac     0x4  startup_stm32f407xx.o [1]
  .text              ro code  0x080013b0     0x4  startup_stm32f407xx.o [1]
  .text              ro code  0x080013b4     0x4  startup_stm32f407xx.o [1]
  .text              ro code  0x080013b8     0x4  startup_stm32f407xx.o [1]
  .text              ro code  0x080013bc     0x4  startup_stm32f407xx.o [1]
  .text              ro code  0x080013c0     0x4  startup_stm32f407xx.o [1]
  .text              ro code  0x080013c4     0x4  startup_stm32f407xx.o [1]
  .text              ro code  0x080013c8     0x4  startup_stm32f407xx.o [1]
  .text              ro code  0x080013cc     0x4  startup_stm32f407xx.o [1]
  .text              ro code  0x080013d0     0x4  startup_stm32f407xx.o [1]
  .text              ro code  0x080013d4     0x4  startup_stm32f407xx.o [1]
  .text              ro code  0x080013d8     0x4  startup_stm32f407xx.o [1]
  .text              ro code  0x080013dc     0x4  startup_stm32f407xx.o [1]
  .text              ro code  0x080013e0     0x4  startup_stm32f407xx.o [1]
  .text              ro code  0x080013e4     0x4  startup_stm32f407xx.o [1]
  .text              ro code  0x080013e8     0x4  startup_stm32f407xx.o [1]
  .text              ro code  0x080013ec     0x4  startup_stm32f407xx.o [1]
  .text              ro code  0x080013f0     0x4  startup_stm32f407xx.o [1]
  .text              ro code  0x080013f4     0x4  startup_stm32f407xx.o [1]
  .text              ro code  0x080013f8     0x4  startup_stm32f407xx.o [1]
  .text              ro code  0x080013fc     0x4  startup_stm32f407xx.o [1]
  .text              ro code  0x08001400     0x4  startup_stm32f407xx.o [1]
  .rodata            const    0x08001404     0x0  zero_init3.o [5]
  .rodata            const    0x08001404     0x0  copy_init3.o [5]
                            - 0x08001404  0x127c

"P2", part 1 of 3:                          0x10
  P2-1                        0x20000000    0x10  <Init block>
    .data            inited   0x20000000     0xc  stm32f4xx_hal.o [1]
    .data            inited   0x2000000c     0x4  system_stm32f4xx.o [1]
                            - 0x20000010    0x10

"P2", part 2 of 3:                        0x2000
  CSTACK                      0x20000010  0x2000  <Block>
    CSTACK           uninit   0x20000010  0x2000  <Block tail>
                            - 0x20002010  0x2000

"P2", part 3 of 3:                          0x98
  .bss               zero     0x20002010    0x98  main.o [1]
                            - 0x200020a8    0x98


*******************************************************************************
*** INIT TABLE
***

          Address     Size
          -------     ----
Zero (__iar_zero_init3)
    1 destination range, total size 0x98:
          0x20002010  0x98

Copy (__iar_copy_init3)
    1 source range, total size 0x10:
          0x080012a4  0x10
    1 destination range, total size 0x10:
          0x20000000  0x10



*******************************************************************************
*** MODULE SUMMARY
***

    Module                   ro code  ro data  rw data
    ------                   -------  -------  -------
C:\Users\Edward\Documents\GitHub\PFE_2021\src\OlimexP407\EWARM\OlimexP407\Obj: [1]
    main.o                       948               152
    startup_stm32f407xx.o        732
    stm32f4xx_hal.o              172       12       12
    stm32f4xx_hal_cortex.o       172
    stm32f4xx_hal_dcmi_ex.o      132
    stm32f4xx_hal_gpio.o         496
    stm32f4xx_hal_msp.o          448
    stm32f4xx_hal_rcc.o        1 148
    stm32f4xx_hal_spi.o          202
    stm32f4xx_it.o                20
    system_stm32f4xx.o            32        4        4
    --------------------------------------------------
    Total:                     4 502       16      168

command line: [2]
    --------------------------------------------------
    Total:

dl7M_tln.a: [3]
    exit.o                         4
    low_level_init.o               4
    --------------------------------------------------
    Total:                         8

m7M_tls.a: [4]
    fpinit_M.o                    34
    --------------------------------------------------
    Total:                        34

rt7M_tl.a: [5]
    ABImemclr4.o                   6
    ABImemset48.o                 50
    I64DivMod.o                  238
    I64DivZer.o                    2
    cexit.o                       10
    cmain.o                       26
    copy_init3.o                  44
    cstartup_M.o                  12
    data_init.o                   40
    zero_init3.o                  64
    --------------------------------------------------
    Total:                       492

shb_l.a: [6]
    exit.o                        20
    --------------------------------------------------
    Total:                        20

    Gaps                          14        2
    Linker created                         36    8 192
------------------------------------------------------
    Grand Total:               5 070       54    8 360


*******************************************************************************
*** ENTRY LIST
***

Entry                      Address   Size  Type      Object
-----                      -------   ----  ----      ------
.iar.init_table$$Base   0x080011f8          --   Gb  - Linker created -
.iar.init_table$$Limit  0x0800121c          --   Gb  - Linker created -
?main                   0x0800123d         Code  Gb  cmain.o [5]
AHBPrescTable           0x0800122c   0x10  Data  Gb  system_stm32f4xx.o [1]
BusFault_Handler        0x08001287    0x2  Code  Gb  stm32f4xx_it.o [1]
CSTACK$$Base            0x20000010          --   Gb  - Linker created -
CSTACK$$Limit           0x20002010          --   Gb  - Linker created -
DebugMon_Handler        0x0800128d    0x2  Code  Gb  stm32f4xx_it.o [1]
HAL_DCMI_Init           0x08000ff1   0x84  Code  Gb  stm32f4xx_hal_dcmi_ex.o [1]
HAL_DCMI_MspInit        0x08000881   0x9a  Code  Gb  stm32f4xx_hal_msp.o [1]
HAL_Delay               0x08000681   0x22  Code  Wk  stm32f4xx_hal.o [1]
HAL_GPIO_Init           0x08000a11  0x1ae  Code  Gb  stm32f4xx_hal_gpio.o [1]
HAL_GPIO_ReadPin        0x08000bbf    0xc  Code  Gb  stm32f4xx_hal_gpio.o [1]
HAL_GPIO_WritePin       0x08000bcb    0x8  Code  Gb  stm32f4xx_hal_gpio.o [1]
HAL_GetTick             0x0800067b    0x6  Code  Wk  stm32f4xx_hal.o [1]
HAL_IncTick             0x0800066d    0xe  Code  Wk  stm32f4xx_hal.o [1]
HAL_Init                0x08000605   0x30  Code  Gb  stm32f4xx_hal.o [1]
HAL_InitTick            0x08000635   0x38  Code  Wk  stm32f4xx_hal.o [1]
HAL_MspInit             0x0800084d   0x34  Code  Gb  stm32f4xx_hal_msp.o [1]
HAL_NVIC_SetPriority    0x080007d5   0x3a  Code  Gb  stm32f4xx_hal_cortex.o [1]
HAL_NVIC_SetPriorityGrouping
                        0x080007bb   0x1a  Code  Gb  stm32f4xx_hal_cortex.o [1]
HAL_RCC_ClockConfig     0x08000483   0xfc  Code  Gb  stm32f4xx_hal_rcc.o [1]
HAL_RCC_GetSysClockFreq
                        0x0800058b   0x4c  Code  Wk  stm32f4xx_hal_rcc.o [1]
HAL_RCC_OscConfig       0x08000189  0x2f2  Code  Wk  stm32f4xx_hal_rcc.o [1]
HAL_SPI_Init            0x08001075   0xb4  Code  Gb  stm32f4xx_hal_spi.o [1]
HAL_SPI_MspInit         0x0800093b   0x52  Code  Gb  stm32f4xx_hal_msp.o [1]
HAL_SYSTICK_Config      0x0800080f   0x28  Code  Gb  stm32f4xx_hal_cortex.o [1]
HardFault_Handler       0x08001283    0x2  Code  Gb  stm32f4xx_it.o [1]
MX_GPIO_Init            0x08000e55  0x10a  Code  Lc  main.o [1]
MemManage_Handler       0x08001285    0x2  Code  Gb  stm32f4xx_it.o [1]
NMI_Handler             0x08001281    0x2  Code  Gb  stm32f4xx_it.o [1]
PendSV_Handler          0x0800128f    0x2  Code  Gb  stm32f4xx_it.o [1]
Region$$Table$$Base     0x080011f8          --   Gb  - Linker created -
Region$$Table$$Limit    0x0800121c          --   Gb  - Linker created -
SVC_Handler             0x0800128b    0x2  Code  Gb  stm32f4xx_it.o [1]
SysTick_Handler         0x08001291    0x4  Code  Gb  stm32f4xx_it.o [1]
SystemClock_Config      0x08000db1   0xa4  Code  Gb  main.o [1]
SystemCoreClock         0x2000000c    0x4  Data  Gb  system_stm32f4xx.o [1]
SystemInit              0x0800121d    0xc  Code  Gb  system_stm32f4xx.o [1]
UsageFault_Handler      0x08001289    0x2  Code  Gb  stm32f4xx_it.o [1]
__NVIC_SetPriority      0x080007a1   0x1a  Code  Lc  stm32f4xx_hal_cortex.o [1]
__aeabi_ldiv0           0x08000a0d         Code  Gb  I64DivZer.o [5]
__aeabi_memclr4         0x08000c01         Code  Gb  ABImemclr4.o [5]
__aeabi_uldivmod        0x080006b1         Code  Gb  I64DivMod.o [5]
__cmain                 0x0800123d         Code  Gb  cmain.o [5]
__exit                  0x0800126d   0x14  Code  Gb  exit.o [6]
__iar_Memset4_word      0x08000c09         Code  Gb  ABImemset48.o [5]
__iar_Memset8_word      0x08000c09         Code  Gb  ABImemset48.o [5]
__iar_copy_init3        0x0800117f   0x2c  Code  Gb  copy_init3.o [5]
__iar_data_init3        0x080011ad   0x28  Code  Gb  data_init.o [5]
__iar_init_vfp          0x080011d5         Code  Gb  fpinit_M.o [4]
__iar_program_start     0x080012b5         Code  Gb  cstartup_M.o [5]
__iar_zero_init3        0x0800113f   0x40  Code  Gb  zero_init3.o [5]
__low_level_init        0x08001257    0x4  Code  Gb  low_level_init.o [3]
__vector_table          0x08000000         Data  Gb  startup_stm32f407xx.o [1]
_call_main              0x08001249         Code  Gb  cmain.o [5]
_exit                   0x08001261         Code  Gb  cexit.o [5]
_main                   0x08001253         Code  Gb  cmain.o [5]
exit                    0x0800125b    0x4  Code  Gb  exit.o [3]
hdcmi                   0x20002068   0x40  Data  Gb  main.o [1]
hspi1                   0x20002010   0x58  Data  Gb  main.o [1]
main                    0x08000c3d  0x164  Code  Gb  main.o [1]
uwTick                  0x20000004    0x4  Data  Gb  stm32f4xx_hal.o [1]
uwTickFreq              0x20000000    0x1  Data  Gb  stm32f4xx_hal.o [1]
uwTickPrio              0x20000008    0x4  Data  Gb  stm32f4xx_hal.o [1]


[1] = C:\Users\Edward\Documents\GitHub\PFE_2021\src\OlimexP407\EWARM\OlimexP407\Obj
[2] = command line
[3] = dl7M_tln.a
[4] = m7M_tls.a
[5] = rt7M_tl.a
[6] = shb_l.a

  5 070 bytes of readonly  code memory
     54 bytes of readonly  data memory
  8 360 bytes of readwrite data memory

Errors: none
Warnings: none
